Jan 25 00:41:09 polyubuntu kernel: [    0.000000] Initializing cgroup subsys cpuset
Jan 25 00:41:09 polyubuntu kernel: [    0.000000] Initializing cgroup subsys cpu
Jan 25 00:41:09 polyubuntu kernel: [    0.000000] Initializing cgroup subsys cpuacct
Jan 25 00:41:09 polyubuntu kernel: [    0.000000] Linux version 4.4.0-112-generic (buildd@lgw01-amd64-010) (gcc version 5.4.0 20160609 (Ubuntu 5.4.0-6ubuntu1~16.04.5) ) #135-Ubuntu SMP Fri Jan 19 11:48:36 UTC 2018 (Ubuntu 4.4.0-112.135-generic 4.4.98)
Jan 25 00:41:09 polyubuntu kernel: [    0.000000] Command line: BOOT_IMAGE=/boot/vmlinuz-4.4.0-112-generic root=LABEL=cloudimg-rootfs ro console=tty1 console=ttyS0
Jan 25 00:41:09 polyubuntu kernel: [    0.000000] KERNEL supported cpus:
Jan 25 00:41:09 polyubuntu kernel: [    0.000000]   Intel GenuineIntel
Jan 25 00:41:09 polyubuntu kernel: [    0.000000]   AMD AuthenticAMD
Jan 25 00:41:09 polyubuntu kernel: [    0.000000]   Centaur CentaurHauls
Jan 25 00:41:09 polyubuntu kernel: [    0.000000] x86/fpu: xstate_offset[2]:  576, xstate_sizes[2]:  256
Jan 25 00:41:09 polyubuntu kernel: [    0.000000] x86/fpu: Supporting XSAVE feature 0x01: 'x87 floating point registers'
Jan 25 00:41:09 polyubuntu kernel: [    0.000000] x86/fpu: Supporting XSAVE feature 0x02: 'SSE registers'
Jan 25 00:41:09 polyubuntu kernel: [    0.000000] x86/fpu: Supporting XSAVE feature 0x04: 'AVX registers'
Jan 25 00:41:09 polyubuntu kernel: [    0.000000] x86/fpu: Enabled xstate features 0x7, context size is 832 bytes, using 'standard' format.
Jan 25 00:41:09 polyubuntu kernel: [    0.000000] x86/fpu: Using 'eager' FPU context switches.
Jan 25 00:41:09 polyubuntu kernel: [    0.000000] e820: BIOS-provided physical RAM map:
Jan 25 00:41:09 polyubuntu kernel: [    0.000000] BIOS-e820: [mem 0x0000000000000000-0x000000000009fbff] usable
Jan 25 00:41:09 polyubuntu kernel: [    0.000000] BIOS-e820: [mem 0x000000000009fc00-0x000000000009ffff] reserved
Jan 25 00:41:09 polyubuntu kernel: [    0.000000] BIOS-e820: [mem 0x00000000000f0000-0x00000000000fffff] reserved
Jan 25 00:41:09 polyubuntu kernel: [    0.000000] BIOS-e820: [mem 0x0000000000100000-0x00000000dfffafff] usable
Jan 25 00:41:09 polyubuntu kernel: [    0.000000] BIOS-e820: [mem 0x00000000dfffb000-0x00000000dfffffff] reserved
Jan 25 00:41:09 polyubuntu kernel: [    0.000000] BIOS-e820: [mem 0x00000000feffc000-0x00000000feffffff] reserved
Jan 25 00:41:09 polyubuntu kernel: [    0.000000] BIOS-e820: [mem 0x00000000fffc0000-0x00000000ffffffff] reserved
Jan 25 00:41:09 polyubuntu kernel: [    0.000000] BIOS-e820: [mem 0x0000000100000000-0x000000021fffffff] usable
Jan 25 00:41:09 polyubuntu kernel: [    0.000000] NX (Execute Disable) protection: active
Jan 25 00:41:09 polyubuntu kernel: [    0.000000] SMBIOS 2.4 present.
Jan 25 00:41:09 polyubuntu kernel: [    0.000000] DMI: DigitalOcean Droplet, BIOS 20171212 12/12/2017
Jan 25 00:41:09 polyubuntu kernel: [    0.000000] Hypervisor detected: KVM
Jan 25 00:41:09 polyubuntu kernel: [    0.000000] e820: update [mem 0x00000000-0x00000fff] usable ==> reserved
Jan 25 00:41:09 polyubuntu kernel: [    0.000000] e820: remove [mem 0x000a0000-0x000fffff] usable
Jan 25 00:41:09 polyubuntu kernel: [    0.000000] e820: last_pfn = 0x220000 max_arch_pfn = 0x400000000
Jan 25 00:41:09 polyubuntu kernel: [    0.000000] MTRR default type: write-back
Jan 25 00:41:09 polyubuntu kernel: [    0.000000] MTRR fixed ranges enabled:
Jan 25 00:41:09 polyubuntu kernel: [    0.000000]   00000-9FFFF write-back
Jan 25 00:41:09 polyubuntu kernel: [    0.000000]   A0000-BFFFF uncachable
Jan 25 00:41:09 polyubuntu kernel: [    0.000000]   C0000-FFFFF write-protect
Jan 25 00:41:09 polyubuntu kernel: [    0.000000] MTRR variable ranges enabled:
Jan 25 00:41:09 polyubuntu kernel: [    0.000000]   0 base 00E0000000 mask FFE0000000 uncachable
Jan 25 00:41:09 polyubuntu kernel: [    0.000000]   1 disabled
Jan 25 00:41:09 polyubuntu kernel: [    0.000000]   2 disabled
Jan 25 00:41:09 polyubuntu kernel: [    0.000000]   3 disabled
Jan 25 00:41:09 polyubuntu kernel: [    0.000000]   4 disabled
Jan 25 00:41:09 polyubuntu kernel: [    0.000000]   5 disabled
Jan 25 00:41:09 polyubuntu kernel: [    0.000000]   6 disabled
Jan 25 00:41:09 polyubuntu kernel: [    0.000000]   7 disabled
Jan 25 00:41:09 polyubuntu kernel: [    0.000000] x86/PAT: Configuration [0-7]: WB  WC  UC- UC  WB  WC  UC- WT  
Jan 25 00:41:09 polyubuntu kernel: [    0.000000] e820: last_pfn = 0xdfffb max_arch_pfn = 0x400000000
Jan 25 00:41:09 polyubuntu kernel: [    0.000000] found SMP MP-table at [mem 0x000f1240-0x000f124f] mapped at [ffff8800000f1240]
Jan 25 00:41:09 polyubuntu kernel: [    0.000000] Scanning 1 areas for low memory corruption
Jan 25 00:41:09 polyubuntu kernel: [    0.000000] Base memory trampoline at [ffff880000099000] 99000 size 24576
Jan 25 00:41:09 polyubuntu kernel: [    0.000000] Using GB pages for direct mapping
Jan 25 00:41:09 polyubuntu kernel: [    0.000000] BRK [0x02215000, 0x02215fff] PGTABLE
Jan 25 00:41:09 polyubuntu kernel: [    0.000000] BRK [0x02216000, 0x02216fff] PGTABLE
Jan 25 00:41:09 polyubuntu kernel: [    0.000000] BRK [0x02217000, 0x02217fff] PGTABLE
Jan 25 00:41:09 polyubuntu kernel: [    0.000000] BRK [0x02218000, 0x02218fff] PGTABLE
Jan 25 00:41:09 polyubuntu kernel: [    0.000000] RAMDISK: [mem 0x36adc000-0x37565fff]
Jan 25 00:41:09 polyubuntu kernel: [    0.000000] ACPI: Early table checksum verification disabled
Jan 25 00:41:09 polyubuntu kernel: [    0.000000] ACPI: RSDP 0x00000000000F1010 000014 (v00 BOCHS )
Jan 25 00:41:09 polyubuntu kernel: [    0.000000] ACPI: RSDT 0x00000000DFFFE340 000034 (v01 BOCHS  BXPCRSDT 00000001 BXPC 00000001)
Jan 25 00:41:09 polyubuntu kernel: [    0.000000] ACPI: FACP 0x00000000DFFFFF80 000074 (v01 BOCHS  BXPCFACP 00000001 BXPC 00000001)
Jan 25 00:41:09 polyubuntu kernel: [    0.000000] ACPI: DSDT 0x00000000DFFFE380 001135 (v01 BOCHS  BXPCDSDT 00000001 BXPC 00000001)
Jan 25 00:41:09 polyubuntu kernel: [    0.000000] ACPI: FACS 0x00000000DFFFFF40 000040
Jan 25 00:41:09 polyubuntu kernel: [    0.000000] ACPI: SSDT 0x00000000DFFFF600 00093C (v01 BOCHS  BXPCSSDT 00000001 BXPC 00000001)
Jan 25 00:41:09 polyubuntu kernel: [    0.000000] ACPI: APIC 0x00000000DFFFF500 000090 (v01 BOCHS  BXPCAPIC 00000001 BXPC 00000001)
Jan 25 00:41:09 polyubuntu kernel: [    0.000000] ACPI: HPET 0x00000000DFFFF4C0 000038 (v01 BOCHS  BXPCHPET 00000001 BXPC 00000001)
Jan 25 00:41:09 polyubuntu kernel: [    0.000000] ACPI: Local APIC address 0xfee00000
Jan 25 00:41:09 polyubuntu kernel: [    0.000000] No NUMA configuration found
Jan 25 00:41:09 polyubuntu kernel: [    0.000000] Faking a node at [mem 0x0000000000000000-0x000000021fffffff]
Jan 25 00:41:09 polyubuntu kernel: [    0.000000] NODE_DATA(0) allocated [mem 0x21fff9000-0x21fffdfff]
Jan 25 00:41:09 polyubuntu kernel: [    0.000000] kvm-clock: Using msrs 4b564d01 and 4b564d00
Jan 25 00:41:09 polyubuntu kernel: [    0.000000] kvm-clock: cpu 0, msr 2:1fff1001, primary cpu clock
Jan 25 00:41:09 polyubuntu kernel: [    0.000000] clocksource: kvm-clock: mask: 0xffffffffffffffff max_cycles: 0x1cd42e4dffb, max_idle_ns: 881590591483 ns
Jan 25 00:41:09 polyubuntu kernel: [    0.000000] Zone ranges:
Jan 25 00:41:09 polyubuntu kernel: [    0.000000]   DMA      [mem 0x0000000000001000-0x0000000000ffffff]
Jan 25 00:41:09 polyubuntu kernel: [    0.000000]   DMA32    [mem 0x0000000001000000-0x00000000ffffffff]
Jan 25 00:41:09 polyubuntu kernel: [    0.000000]   Normal   [mem 0x0000000100000000-0x000000021fffffff]
Jan 25 00:41:09 polyubuntu kernel: [    0.000000]   Device   empty
Jan 25 00:41:09 polyubuntu kernel: [    0.000000] Movable zone start for each node
Jan 25 00:41:09 polyubuntu kernel: [    0.000000] Early memory node ranges
Jan 25 00:41:09 polyubuntu kernel: [    0.000000]   node   0: [mem 0x0000000000001000-0x000000000009efff]
Jan 25 00:41:09 polyubuntu kernel: [    0.000000]   node   0: [mem 0x0000000000100000-0x00000000dfffafff]
Jan 25 00:41:09 polyubuntu kernel: [    0.000000]   node   0: [mem 0x0000000100000000-0x000000021fffffff]
Jan 25 00:41:09 polyubuntu kernel: [    0.000000] Initmem setup node 0 [mem 0x0000000000001000-0x000000021fffffff]
Jan 25 00:41:09 polyubuntu kernel: [    0.000000] On node 0 totalpages: 2097049
Jan 25 00:41:09 polyubuntu kernel: [    0.000000]   DMA zone: 64 pages used for memmap
Jan 25 00:41:09 polyubuntu kernel: [    0.000000]   DMA zone: 21 pages reserved
Jan 25 00:41:09 polyubuntu kernel: [    0.000000]   DMA zone: 3998 pages, LIFO batch:0
Jan 25 00:41:09 polyubuntu kernel: [    0.000000]   DMA32 zone: 14272 pages used for memmap
Jan 25 00:41:09 polyubuntu kernel: [    0.000000]   DMA32 zone: 913403 pages, LIFO batch:31
Jan 25 00:41:09 polyubuntu kernel: [    0.000000]   Normal zone: 18432 pages used for memmap
Jan 25 00:41:09 polyubuntu kernel: [    0.000000]   Normal zone: 1179648 pages, LIFO batch:31
Jan 25 00:41:09 polyubuntu kernel: [    0.000000] ACPI: PM-Timer IO Port: 0xb008
Jan 25 00:41:09 polyubuntu kernel: [    0.000000] ACPI: Local APIC address 0xfee00000
Jan 25 00:41:09 polyubuntu kernel: [    0.000000] ACPI: LAPIC_NMI (acpi_id[0xff] dfl dfl lint[0x1])
Jan 25 00:41:09 polyubuntu kernel: [    0.000000] IOAPIC[0]: apic_id 0, version 17, address 0xfec00000, GSI 0-23
Jan 25 00:41:09 polyubuntu kernel: [    0.000000] ACPI: INT_SRC_OVR (bus 0 bus_irq 0 global_irq 2 dfl dfl)
Jan 25 00:41:09 polyubuntu kernel: [    0.000000] ACPI: INT_SRC_OVR (bus 0 bus_irq 5 global_irq 5 high level)
Jan 25 00:41:09 polyubuntu kernel: [    0.000000] ACPI: INT_SRC_OVR (bus 0 bus_irq 9 global_irq 9 high level)
Jan 25 00:41:09 polyubuntu kernel: [    0.000000] ACPI: INT_SRC_OVR (bus 0 bus_irq 10 global_irq 10 high level)
Jan 25 00:41:09 polyubuntu kernel: [    0.000000] ACPI: INT_SRC_OVR (bus 0 bus_irq 11 global_irq 11 high level)
Jan 25 00:41:09 polyubuntu kernel: [    0.000000] ACPI: IRQ0 used by override.
Jan 25 00:41:09 polyubuntu kernel: [    0.000000] ACPI: IRQ5 used by override.
Jan 25 00:41:09 polyubuntu kernel: [    0.000000] ACPI: IRQ9 used by override.
Jan 25 00:41:09 polyubuntu kernel: [    0.000000] ACPI: IRQ10 used by override.
Jan 25 00:41:09 polyubuntu kernel: [    0.000000] ACPI: IRQ11 used by override.
Jan 25 00:41:09 polyubuntu kernel: [    0.000000] Using ACPI (MADT) for SMP configuration information
Jan 25 00:41:09 polyubuntu kernel: [    0.000000] ACPI: HPET id: 0x8086a201 base: 0xfed00000
Jan 25 00:41:09 polyubuntu kernel: [    0.000000] smpboot: Allowing 4 CPUs, 0 hotplug CPUs
Jan 25 00:41:09 polyubuntu kernel: [    0.000000] PM: Registered nosave memory: [mem 0x00000000-0x00000fff]
Jan 25 00:41:09 polyubuntu kernel: [    0.000000] PM: Registered nosave memory: [mem 0x0009f000-0x0009ffff]
Jan 25 00:41:09 polyubuntu kernel: [    0.000000] PM: Registered nosave memory: [mem 0x000a0000-0x000effff]
Jan 25 00:41:09 polyubuntu kernel: [    0.000000] PM: Registered nosave memory: [mem 0x000f0000-0x000fffff]
Jan 25 00:41:09 polyubuntu kernel: [    0.000000] PM: Registered nosave memory: [mem 0xdfffb000-0xdfffffff]
Jan 25 00:41:09 polyubuntu kernel: [    0.000000] PM: Registered nosave memory: [mem 0xe0000000-0xfeffbfff]
Jan 25 00:41:09 polyubuntu kernel: [    0.000000] PM: Registered nosave memory: [mem 0xfeffc000-0xfeffffff]
Jan 25 00:41:09 polyubuntu kernel: [    0.000000] PM: Registered nosave memory: [mem 0xff000000-0xfffbffff]
Jan 25 00:41:09 polyubuntu kernel: [    0.000000] PM: Registered nosave memory: [mem 0xfffc0000-0xffffffff]
Jan 25 00:41:09 polyubuntu kernel: [    0.000000] e820: [mem 0xe0000000-0xfeffbfff] available for PCI devices
Jan 25 00:41:09 polyubuntu kernel: [    0.000000] Booting paravirtualized kernel on KVM
Jan 25 00:41:09 polyubuntu kernel: [    0.000000] clocksource: refined-jiffies: mask: 0xffffffff max_cycles: 0xffffffff, max_idle_ns: 7645519600211568 ns
Jan 25 00:41:09 polyubuntu kernel: [    0.000000] setup_percpu: NR_CPUS:512 nr_cpumask_bits:512 nr_cpu_ids:4 nr_node_ids:1
Jan 25 00:41:09 polyubuntu kernel: [    0.000000] PERCPU: Embedded 34 pages/cpu @ffff88021fc00000 s99544 r8192 d31528 u524288
Jan 25 00:41:09 polyubuntu kernel: [    0.000000] pcpu-alloc: s99544 r8192 d31528 u524288 alloc=1*2097152
Jan 25 00:41:09 polyubuntu kernel: [    0.000000] pcpu-alloc: [0] 0 1 2 3 
Jan 25 00:41:09 polyubuntu kernel: [    0.000000] KVM setup async PF for cpu 0
Jan 25 00:41:09 polyubuntu kernel: [    0.000000] kvm-stealtime: cpu 0, msr 21fc101c0
Jan 25 00:41:09 polyubuntu kernel: [    0.000000] PV qspinlock hash table entries: 256 (order: 0, 4096 bytes)
Jan 25 00:41:09 polyubuntu kernel: [    0.000000] Built 1 zonelists in Node order, mobility grouping on.  Total pages: 2064260
Jan 25 00:41:09 polyubuntu kernel: [    0.000000] Policy zone: Normal
Jan 25 00:41:09 polyubuntu kernel: [    0.000000] Kernel command line: BOOT_IMAGE=/boot/vmlinuz-4.4.0-112-generic root=LABEL=cloudimg-rootfs ro console=tty1 console=ttyS0
Jan 25 00:41:09 polyubuntu kernel: [    0.000000] PID hash table entries: 4096 (order: 3, 32768 bytes)
Jan 25 00:41:09 polyubuntu kernel: [    0.000000] Calgary: detecting Calgary via BIOS EBDA area
Jan 25 00:41:09 polyubuntu kernel: [    0.000000] Calgary: Unable to locate Rio Grande table in EBDA - bailing!
Jan 25 00:41:09 polyubuntu kernel: [    0.000000] Memory: 8160800K/8388196K available (8499K kernel code, 1309K rwdata, 3988K rodata, 1508K init, 1316K bss, 227396K reserved, 0K cma-reserved)
Jan 25 00:41:09 polyubuntu kernel: [    0.000000] SLUB: HWalign=64, Order=0-3, MinObjects=0, CPUs=4, Nodes=1
Jan 25 00:41:09 polyubuntu kernel: [    0.000000] Kernel/User page tables isolation: enabled
Jan 25 00:41:09 polyubuntu kernel: [    0.000000] Hierarchical RCU implementation.
Jan 25 00:41:09 polyubuntu kernel: [    0.000000] 	Build-time adjustment of leaf fanout to 64.
Jan 25 00:41:09 polyubuntu kernel: [    0.000000] 	RCU restricting CPUs from NR_CPUS=512 to nr_cpu_ids=4.
Jan 25 00:41:09 polyubuntu kernel: [    0.000000] RCU: Adjusting geometry for rcu_fanout_leaf=64, nr_cpu_ids=4
Jan 25 00:41:09 polyubuntu kernel: [    0.000000] NR_IRQS:33024 nr_irqs:456 16
Jan 25 00:41:09 polyubuntu kernel: [    0.000000] Console: colour VGA+ 80x25
Jan 25 00:41:09 polyubuntu kernel: [    0.000000] console [tty1] enabled
Jan 25 00:41:09 polyubuntu kernel: [    0.000000] console [ttyS0] enabled
Jan 25 00:41:09 polyubuntu kernel: [    0.000000] clocksource: hpet: mask: 0xffffffff max_cycles: 0xffffffff, max_idle_ns: 19112604467 ns
Jan 25 00:41:09 polyubuntu kernel: [    0.000000] hpet clockevent registered
Jan 25 00:41:09 polyubuntu kernel: [    0.000000] tsc: Detected 2199.998 MHz processor
Jan 25 00:41:09 polyubuntu kernel: [    0.008000] Calibrating delay loop (skipped) preset value.. 4399.99 BogoMIPS (lpj=8799992)
Jan 25 00:41:09 polyubuntu kernel: [    0.008000] pid_max: default: 32768 minimum: 301
Jan 25 00:41:09 polyubuntu kernel: [    0.008000] ACPI: Core revision 20150930
Jan 25 00:41:09 polyubuntu kernel: [    0.008637] ACPI: 2 ACPI AML tables successfully acquired and loaded
Jan 25 00:41:09 polyubuntu kernel: [    0.009753] Security Framework initialized
Jan 25 00:41:09 polyubuntu kernel: [    0.010435] Yama: becoming mindful.
Jan 25 00:41:09 polyubuntu kernel: [    0.011109] AppArmor: AppArmor initialized
Jan 25 00:41:09 polyubuntu kernel: [    0.012362] Dentry cache hash table entries: 1048576 (order: 11, 8388608 bytes)
Jan 25 00:41:09 polyubuntu kernel: [    0.021963] Inode-cache hash table entries: 524288 (order: 10, 4194304 bytes)
Jan 25 00:41:09 polyubuntu kernel: [    0.026472] Mount-cache hash table entries: 16384 (order: 5, 131072 bytes)
Jan 25 00:41:09 polyubuntu kernel: [    0.027526] Mountpoint-cache hash table entries: 16384 (order: 5, 131072 bytes)
Jan 25 00:41:09 polyubuntu kernel: [    0.028565] Initializing cgroup subsys io
Jan 25 00:41:09 polyubuntu kernel: [    0.029256] Initializing cgroup subsys memory
Jan 25 00:41:09 polyubuntu kernel: [    0.029973] Initializing cgroup subsys devices
Jan 25 00:41:09 polyubuntu kernel: [    0.030705] Initializing cgroup subsys freezer
Jan 25 00:41:09 polyubuntu kernel: [    0.032007] Initializing cgroup subsys net_cls
Jan 25 00:41:09 polyubuntu kernel: [    0.032741] Initializing cgroup subsys perf_event
Jan 25 00:41:09 polyubuntu kernel: [    0.033488] Initializing cgroup subsys net_prio
Jan 25 00:41:09 polyubuntu kernel: [    0.034242] Initializing cgroup subsys hugetlb
Jan 25 00:41:09 polyubuntu kernel: [    0.035015] Initializing cgroup subsys pids
Jan 25 00:41:09 polyubuntu kernel: [    0.036103] FEATURE SPEC_CTRL Not Present
Jan 25 00:41:09 polyubuntu kernel: [    0.037623] mce: CPU supports 10 MCE banks
Jan 25 00:41:09 polyubuntu kernel: [    0.038439] Last level iTLB entries: 4KB 64, 2MB 8, 4MB 8
Jan 25 00:41:09 polyubuntu kernel: [    0.039372] Last level dTLB entries: 4KB 64, 2MB 0, 4MB 0, 1GB 4
Jan 25 00:41:09 polyubuntu kernel: [    0.041742] Freeing SMP alternatives memory: 32K
Jan 25 00:41:09 polyubuntu kernel: [    0.049697] ftrace: allocating 32180 entries in 126 pages
Jan 25 00:41:09 polyubuntu kernel: [    0.060295] smpboot: APIC(0) Converting physical 0 to logical package 0
Jan 25 00:41:09 polyubuntu kernel: [    0.064006] smpboot: APIC(1) Converting physical 1 to logical package 1
Jan 25 00:41:09 polyubuntu kernel: [    0.064974] smpboot: APIC(2) Converting physical 2 to logical package 2
Jan 25 00:41:09 polyubuntu kernel: [    0.065938] smpboot: APIC(3) Converting physical 3 to logical package 3
Jan 25 00:41:09 polyubuntu kernel: [    0.066908] smpboot: Max logical packages: 4
Jan 25 00:41:09 polyubuntu kernel: [    0.068183] x2apic enabled
Jan 25 00:41:09 polyubuntu kernel: [    0.068878] Switched APIC routing to physical x2apic.
Jan 25 00:41:09 polyubuntu kernel: [    0.070577] ..TIMER: vector=0x30 apic1=0 pin1=2 apic2=-1 pin2=-1
Jan 25 00:41:09 polyubuntu kernel: [    0.071604] TSC deadline timer enabled
Jan 25 00:41:09 polyubuntu kernel: [    0.071617] smpboot: CPU0: Intel(R) Xeon(R) CPU E5-2650 v4 @ 2.20GHz (family: 0x6, model: 0x4f, stepping: 0x1)
Jan 25 00:41:09 polyubuntu kernel: [    0.072000] Performance Events: 16-deep LBR, Broadwell events, Intel PMU driver.
Jan 25 00:41:09 polyubuntu kernel: [    0.084657] ... version:                2
Jan 25 00:41:09 polyubuntu kernel: [    0.085386] ... bit width:              48
Jan 25 00:41:09 polyubuntu kernel: [    0.086131] ... generic registers:      4
Jan 25 00:41:09 polyubuntu kernel: [    0.086857] ... value mask:             0000ffffffffffff
Jan 25 00:41:09 polyubuntu kernel: [    0.087757] ... max period:             000000007fffffff
Jan 25 00:41:09 polyubuntu kernel: [    0.088006] ... fixed-purpose events:   3
Jan 25 00:41:09 polyubuntu kernel: [    0.088728] ... event mask:             000000070000000f
Jan 25 00:41:09 polyubuntu kernel: [    0.089678] KVM setup paravirtual spinlock
Jan 25 00:41:09 polyubuntu kernel: [    0.091641] x86: Booting SMP configuration:
Jan 25 00:41:09 polyubuntu kernel: [    0.092008] .... node  #0, CPUs:      #1
Jan 25 00:41:09 polyubuntu kernel: [    0.008000] kvm-clock: cpu 1, msr 2:1fff1041, secondary cpu clock
Jan 25 00:41:09 polyubuntu kernel: [    0.096038] KVM setup async PF for cpu 1
Jan 25 00:41:09 polyubuntu kernel: [    0.008000]  #2
Jan 25 00:41:09 polyubuntu kernel: [    0.008000] kvm-clock: cpu 2, msr 2:1fff1081, secondary cpu clock
Jan 25 00:41:09 polyubuntu kernel: [    0.098902] kvm-stealtime: cpu 1, msr 21fc901c0
Jan 25 00:41:09 polyubuntu kernel: [    0.100030] KVM setup async PF for cpu 2
Jan 25 00:41:09 polyubuntu kernel: [    0.008000]  #3
Jan 25 00:41:09 polyubuntu kernel: [    0.008000] kvm-clock: cpu 3, msr 2:1fff10c1, secondary cpu clock
Jan 25 00:41:09 polyubuntu kernel: [    0.104000] kvm-stealtime: cpu 2, msr 21fd101c0
Jan 25 00:41:09 polyubuntu kernel: [    0.104060] x86: Booted up 1 node, 4 CPUs
Jan 25 00:41:09 polyubuntu kernel: [    0.104046] KVM setup async PF for cpu 3
Jan 25 00:41:09 polyubuntu kernel: [    0.104046] kvm-stealtime: cpu 3, msr 21fd901c0
Jan 25 00:41:09 polyubuntu kernel: [    0.106208] smpboot: Total of 4 processors activated (17599.98 BogoMIPS)
Jan 25 00:41:09 polyubuntu kernel: [    0.107692] devtmpfs: initialized
Jan 25 00:41:09 polyubuntu kernel: [    0.110472] evm: security.selinux
Jan 25 00:41:09 polyubuntu kernel: [    0.111075] evm: security.SMACK64
Jan 25 00:41:09 polyubuntu kernel: [    0.112014] evm: security.SMACK64EXEC
Jan 25 00:41:09 polyubuntu kernel: [    0.112716] evm: security.SMACK64TRANSMUTE
Jan 25 00:41:09 polyubuntu kernel: [    0.113422] evm: security.SMACK64MMAP
Jan 25 00:41:09 polyubuntu kernel: [    0.114038] evm: security.ima
Jan 25 00:41:09 polyubuntu kernel: [    0.114574] evm: security.capability
Jan 25 00:41:09 polyubuntu kernel: [    0.115284] clocksource: jiffies: mask: 0xffffffff max_cycles: 0xffffffff, max_idle_ns: 7645041785100000 ns
Jan 25 00:41:09 polyubuntu kernel: [    0.116026] futex hash table entries: 1024 (order: 4, 65536 bytes)
Jan 25 00:41:09 polyubuntu kernel: [    0.117109] pinctrl core: initialized pinctrl subsystem
Jan 25 00:41:09 polyubuntu kernel: [    0.117109] RTC time:  0:41:01, date: 01/25/18
Jan 25 00:41:09 polyubuntu kernel: [    0.118052] NET: Registered protocol family 16
Jan 25 00:41:09 polyubuntu kernel: [    0.132023] cpuidle: using governor ladder
Jan 25 00:41:09 polyubuntu kernel: [    0.144021] cpuidle: using governor menu
Jan 25 00:41:09 polyubuntu kernel: [    0.144736] PCCT header not found.
Jan 25 00:41:09 polyubuntu kernel: [    0.145543] ACPI: bus type PCI registered
Jan 25 00:41:09 polyubuntu kernel: [    0.146207] acpiphp: ACPI Hot Plug PCI Controller Driver version: 0.5
Jan 25 00:41:09 polyubuntu kernel: [    0.147327] PCI: Using configuration type 1 for base access
Jan 25 00:41:09 polyubuntu kernel: [    0.160143] ACPI: Added _OSI(Module Device)
Jan 25 00:41:09 polyubuntu kernel: [    0.162198] ACPI: Added _OSI(Processor Device)
Jan 25 00:41:09 polyubuntu kernel: [    0.162966] ACPI: Added _OSI(3.0 _SCP Extensions)
Jan 25 00:41:09 polyubuntu kernel: [    0.164006] ACPI: Added _OSI(Processor Aggregator Device)
Jan 25 00:41:09 polyubuntu kernel: [    0.167035] ACPI: Interpreter enabled
Jan 25 00:41:09 polyubuntu kernel: [    0.167740] ACPI: (supports S0 S3 S4 S5)
Jan 25 00:41:09 polyubuntu kernel: [    0.168007] ACPI: Using IOAPIC for interrupt routing
Jan 25 00:41:09 polyubuntu kernel: [    0.168805] PCI: Using host bridge windows from ACPI; if necessary, use "pci=nocrs" and report a bug
Jan 25 00:41:09 polyubuntu kernel: [    0.172856] ACPI: PCI Root Bridge [PCI0] (domain 0000 [bus 00-ff])
Jan 25 00:41:09 polyubuntu kernel: [    0.173804] acpi PNP0A03:00: _OSC: OS supports [ASPM ClockPM Segments MSI]
Jan 25 00:41:09 polyubuntu kernel: [    0.174793] acpi PNP0A03:00: _OSC failed (AE_NOT_FOUND); disabling ASPM
Jan 25 00:41:09 polyubuntu kernel: [    0.175754] acpi PNP0A03:00: fail to add MMCONFIG information, can't access extended PCI configuration space under this bridge.
Jan 25 00:41:09 polyubuntu kernel: [    0.176380] acpiphp: Slot [3] registered
Jan 25 00:41:09 polyubuntu kernel: [    0.177050] acpiphp: Slot [4] registered
Jan 25 00:41:09 polyubuntu kernel: [    0.177712] acpiphp: Slot [5] registered
Jan 25 00:41:09 polyubuntu kernel: [    0.178413] acpiphp: Slot [6] registered
Jan 25 00:41:09 polyubuntu kernel: [    0.179102] acpiphp: Slot [7] registered
Jan 25 00:41:09 polyubuntu kernel: [    0.179764] acpiphp: Slot [8] registered
Jan 25 00:41:09 polyubuntu kernel: [    0.180026] acpiphp: Slot [9] registered
Jan 25 00:41:09 polyubuntu kernel: [    0.180798] acpiphp: Slot [10] registered
Jan 25 00:41:09 polyubuntu kernel: [    0.181477] acpiphp: Slot [11] registered
Jan 25 00:41:09 polyubuntu kernel: [    0.182148] acpiphp: Slot [12] registered
Jan 25 00:41:09 polyubuntu kernel: [    0.182819] acpiphp: Slot [13] registered
Jan 25 00:41:09 polyubuntu kernel: [    0.183546] acpiphp: Slot [14] registered
Jan 25 00:41:09 polyubuntu kernel: [    0.184023] acpiphp: Slot [15] registered
Jan 25 00:41:09 polyubuntu kernel: [    0.184719] acpiphp: Slot [16] registered
Jan 25 00:41:09 polyubuntu kernel: [    0.185391] acpiphp: Slot [17] registered
Jan 25 00:41:09 polyubuntu kernel: [    0.186059] acpiphp: Slot [18] registered
Jan 25 00:41:09 polyubuntu kernel: [    0.186758] acpiphp: Slot [19] registered
Jan 25 00:41:09 polyubuntu kernel: [    0.187442] acpiphp: Slot [20] registered
Jan 25 00:41:09 polyubuntu kernel: [    0.188038] acpiphp: Slot [21] registered
Jan 25 00:41:09 polyubuntu kernel: [    0.190601] acpiphp: Slot [22] registered
Jan 25 00:41:09 polyubuntu kernel: [    0.191303] acpiphp: Slot [23] registered
Jan 25 00:41:09 polyubuntu kernel: [    0.192017] acpiphp: Slot [24] registered
Jan 25 00:41:09 polyubuntu kernel: [    0.192710] acpiphp: Slot [25] registered
Jan 25 00:41:09 polyubuntu kernel: [    0.193430] acpiphp: Slot [26] registered
Jan 25 00:41:09 polyubuntu kernel: [    0.194104] acpiphp: Slot [27] registered
Jan 25 00:41:09 polyubuntu kernel: [    0.194787] acpiphp: Slot [28] registered
Jan 25 00:41:09 polyubuntu kernel: [    0.195491] acpiphp: Slot [29] registered
Jan 25 00:41:09 polyubuntu kernel: [    0.196023] acpiphp: Slot [30] registered
Jan 25 00:41:09 polyubuntu kernel: [    0.196697] acpiphp: Slot [31] registered
Jan 25 00:41:09 polyubuntu kernel: [    0.197400] PCI host bridge to bus 0000:00
Jan 25 00:41:09 polyubuntu kernel: [    0.198078] pci_bus 0000:00: root bus resource [io  0x0000-0x0cf7 window]
Jan 25 00:41:09 polyubuntu kernel: [    0.199091] pci_bus 0000:00: root bus resource [io  0x0d00-0xffff window]
Jan 25 00:41:09 polyubuntu kernel: [    0.200006] pci_bus 0000:00: root bus resource [mem 0x000a0000-0x000bffff window]
Jan 25 00:41:09 polyubuntu kernel: [    0.201199] pci_bus 0000:00: root bus resource [mem 0xe0000000-0xfebfffff window]
Jan 25 00:41:09 polyubuntu kernel: [    0.202389] pci_bus 0000:00: root bus resource [bus 00-ff]
Jan 25 00:41:09 polyubuntu kernel: [    0.203291] pci 0000:00:00.0: [8086:1237] type 00 class 0x060000
Jan 25 00:41:09 polyubuntu kernel: [    0.203637] pci 0000:00:01.0: [8086:7000] type 00 class 0x060100
Jan 25 00:41:09 polyubuntu kernel: [    0.204057] pci 0000:00:01.1: [8086:7010] type 00 class 0x010180
Jan 25 00:41:09 polyubuntu kernel: [    0.209150] pci 0000:00:01.1: reg 0x20: [io  0xc100-0xc10f]
Jan 25 00:41:09 polyubuntu kernel: [    0.211454] pci 0000:00:01.1: legacy IDE quirk: reg 0x10: [io  0x01f0-0x01f7]
Jan 25 00:41:09 polyubuntu kernel: [    0.212009] pci 0000:00:01.1: legacy IDE quirk: reg 0x14: [io  0x03f6]
Jan 25 00:41:09 polyubuntu kernel: [    0.212982] pci 0000:00:01.1: legacy IDE quirk: reg 0x18: [io  0x0170-0x0177]
Jan 25 00:41:09 polyubuntu kernel: [    0.214974] pci 0000:00:01.1: legacy IDE quirk: reg 0x1c: [io  0x0376]
Jan 25 00:41:09 polyubuntu kernel: [    0.216245] pci 0000:00:01.2: [8086:7020] type 00 class 0x0c0300
Jan 25 00:41:09 polyubuntu kernel: [    0.222763] pci 0000:00:01.2: reg 0x20: [io  0xc080-0xc09f]
Jan 25 00:41:09 polyubuntu kernel: [    0.225195] pci 0000:00:01.3: [8086:7113] type 00 class 0x068000
Jan 25 00:41:09 polyubuntu kernel: [    0.225503] pci 0000:00:01.3: quirk: [io  0xb000-0xb03f] claimed by PIIX4 ACPI
Jan 25 00:41:09 polyubuntu kernel: [    0.226758] pci 0000:00:01.3: quirk: [io  0xb100-0xb10f] claimed by PIIX4 SMB
Jan 25 00:41:09 polyubuntu kernel: [    0.228050] pci 0000:00:02.0: [1b36:0100] type 00 class 0x030000
Jan 25 00:41:09 polyubuntu kernel: [    0.234152] pci 0000:00:02.0: reg 0x10: [mem 0xf8000000-0xfbffffff]
Jan 25 00:41:09 polyubuntu kernel: [    0.238152] pci 0000:00:02.0: reg 0x14: [mem 0xfc000000-0xfcffffff]
Jan 25 00:41:09 polyubuntu kernel: [    0.242601] pci 0000:00:02.0: reg 0x18: [mem 0xfd050000-0xfd051fff]
Jan 25 00:41:09 polyubuntu kernel: [    0.247348] pci 0000:00:02.0: reg 0x1c: [io  0xc0a0-0xc0bf]
Jan 25 00:41:09 polyubuntu kernel: [    0.256068] pci 0000:00:02.0: reg 0x30: [mem 0xfd040000-0xfd04ffff pref]
Jan 25 00:41:09 polyubuntu kernel: [    0.256633] pci 0000:00:03.0: [1af4:1000] type 00 class 0x020000
Jan 25 00:41:09 polyubuntu kernel: [    0.258274] pci 0000:00:03.0: reg 0x10: [io  0xc0c0-0xc0df]
Jan 25 00:41:09 polyubuntu kernel: [    0.259855] pci 0000:00:03.0: reg 0x14: [mem 0xfd052000-0xfd052fff]
Jan 25 00:41:09 polyubuntu kernel: [    0.267791] pci 0000:00:03.0: reg 0x30: [mem 0xfd000000-0xfd03ffff pref]
Jan 25 00:41:09 polyubuntu kernel: [    0.268109] pci 0000:00:04.0: [1af4:1004] type 00 class 0x010000
Jan 25 00:41:09 polyubuntu kernel: [    0.269837] pci 0000:00:04.0: reg 0x10: [io  0xc000-0xc03f]
Jan 25 00:41:09 polyubuntu kernel: [    0.271977] pci 0000:00:04.0: reg 0x14: [mem 0xfd053000-0xfd053fff]
Jan 25 00:41:09 polyubuntu kernel: [    0.280130] pci 0000:00:05.0: [1af4:1001] type 00 class 0x010000
Jan 25 00:41:09 polyubuntu kernel: [    0.281878] pci 0000:00:05.0: reg 0x10: [io  0xc040-0xc07f]
Jan 25 00:41:09 polyubuntu kernel: [    0.284919] pci 0000:00:05.0: reg 0x14: [mem 0xfd054000-0xfd054fff]
Jan 25 00:41:09 polyubuntu kernel: [    0.293097] pci 0000:00:06.0: [1af4:1002] type 00 class 0x00ff00
Jan 25 00:41:09 polyubuntu kernel: [    0.293961] pci 0000:00:06.0: reg 0x10: [io  0xc0e0-0xc0ff]
Jan 25 00:41:09 polyubuntu kernel: [    0.300739] ACPI: PCI Interrupt Link [LNKA] (IRQs 5 *10 11)
Jan 25 00:41:09 polyubuntu kernel: [    0.302150] ACPI: PCI Interrupt Link [LNKB] (IRQs 5 *10 11)
Jan 25 00:41:09 polyubuntu kernel: [    0.303376] ACPI: PCI Interrupt Link [LNKC] (IRQs 5 10 *11)
Jan 25 00:41:09 polyubuntu kernel: [    0.305572] ACPI: PCI Interrupt Link [LNKD] (IRQs 5 10 *11)
Jan 25 00:41:09 polyubuntu kernel: [    0.306806] ACPI: PCI Interrupt Link [LNKS] (IRQs *9)
Jan 25 00:41:09 polyubuntu kernel: [    0.308249] ACPI: Enabled 16 GPEs in block 00 to 0F
Jan 25 00:41:09 polyubuntu kernel: [    0.309536] vgaarb: setting as boot device: PCI:0000:00:02.0
Jan 25 00:41:09 polyubuntu kernel: [    0.309536] vgaarb: device added: PCI:0000:00:02.0,decodes=io+mem,owns=io+mem,locks=none
Jan 25 00:41:09 polyubuntu kernel: [    0.310265] vgaarb: loaded
Jan 25 00:41:09 polyubuntu kernel: [    0.312006] vgaarb: bridge control possible 0000:00:02.0
Jan 25 00:41:09 polyubuntu kernel: [    0.313268] SCSI subsystem initialized
Jan 25 00:41:09 polyubuntu kernel: [    0.314178] libata version 3.00 loaded.
Jan 25 00:41:09 polyubuntu kernel: [    0.314178] ACPI: bus type USB registered
Jan 25 00:41:09 polyubuntu kernel: [    0.314178] usbcore: registered new interface driver usbfs
Jan 25 00:41:09 polyubuntu kernel: [    0.314178] usbcore: registered new interface driver hub
Jan 25 00:41:09 polyubuntu kernel: [    0.316035] usbcore: registered new device driver usb
Jan 25 00:41:09 polyubuntu kernel: [    0.316982] PCI: Using ACPI for IRQ routing
Jan 25 00:41:09 polyubuntu kernel: [    0.316982] PCI: pci_cache_line_size set to 64 bytes
Jan 25 00:41:09 polyubuntu kernel: [    0.316982] e820: reserve RAM buffer [mem 0x0009fc00-0x0009ffff]
Jan 25 00:41:09 polyubuntu kernel: [    0.316982] e820: reserve RAM buffer [mem 0xdfffb000-0xdfffffff]
Jan 25 00:41:09 polyubuntu kernel: [    0.317131] NetLabel: Initializing
Jan 25 00:41:09 polyubuntu kernel: [    0.317751] NetLabel:  domain hash size = 128
Jan 25 00:41:09 polyubuntu kernel: [    0.318445] NetLabel:  protocols = UNLABELED CIPSOv4
Jan 25 00:41:09 polyubuntu kernel: [    0.320028] NetLabel:  unlabeled traffic allowed by default
Jan 25 00:41:09 polyubuntu kernel: [    0.320915] hpet0: at MMIO 0xfed00000, IRQs 2, 8, 0
Jan 25 00:41:09 polyubuntu kernel: [    0.321260] hpet0: 3 comparators, 64-bit 100.000000 MHz counter
Jan 25 00:41:09 polyubuntu kernel: [    0.327529] amd_nb: Cannot enumerate AMD northbridges
Jan 25 00:41:09 polyubuntu kernel: [    0.328115] clocksource: Switched to clocksource kvm-clock
Jan 25 00:41:09 polyubuntu kernel: [    0.343299] AppArmor: AppArmor Filesystem Enabled
Jan 25 00:41:09 polyubuntu kernel: [    0.344381] pnp: PnP ACPI init
Jan 25 00:41:09 polyubuntu kernel: [    0.345155] pnp 00:00: Plug and Play ACPI device, IDs PNP0b00 (active)
Jan 25 00:41:09 polyubuntu kernel: [    0.345233] pnp 00:01: Plug and Play ACPI device, IDs PNP0303 (active)
Jan 25 00:41:09 polyubuntu kernel: [    0.345275] pnp 00:02: Plug and Play ACPI device, IDs PNP0f13 (active)
Jan 25 00:41:09 polyubuntu kernel: [    0.345300] pnp 00:03: [dma 2]
Jan 25 00:41:09 polyubuntu kernel: [    0.345315] pnp 00:03: Plug and Play ACPI device, IDs PNP0700 (active)
Jan 25 00:41:09 polyubuntu kernel: [    0.345389] pnp 00:04: Plug and Play ACPI device, IDs PNP0501 (active)
Jan 25 00:41:09 polyubuntu kernel: [    0.345567] pnp: PnP ACPI: found 5 devices
Jan 25 00:41:09 polyubuntu kernel: [    0.354966] clocksource: acpi_pm: mask: 0xffffff max_cycles: 0xffffff, max_idle_ns: 2085701024 ns
Jan 25 00:41:09 polyubuntu kernel: [    0.357837] pci_bus 0000:00: resource 4 [io  0x0000-0x0cf7 window]
Jan 25 00:41:09 polyubuntu kernel: [    0.357840] pci_bus 0000:00: resource 5 [io  0x0d00-0xffff window]
Jan 25 00:41:09 polyubuntu kernel: [    0.357842] pci_bus 0000:00: resource 6 [mem 0x000a0000-0x000bffff window]
Jan 25 00:41:09 polyubuntu kernel: [    0.357844] pci_bus 0000:00: resource 7 [mem 0xe0000000-0xfebfffff window]
Jan 25 00:41:09 polyubuntu kernel: [    0.357916] NET: Registered protocol family 2
Jan 25 00:41:09 polyubuntu kernel: [    0.359155] TCP established hash table entries: 65536 (order: 7, 524288 bytes)
Jan 25 00:41:09 polyubuntu kernel: [    0.360886] TCP bind hash table entries: 65536 (order: 8, 1048576 bytes)
Jan 25 00:41:09 polyubuntu kernel: [    0.362725] TCP: Hash tables configured (established 65536 bind 65536)
Jan 25 00:41:09 polyubuntu kernel: [    0.363821] UDP hash table entries: 4096 (order: 5, 131072 bytes)
Jan 25 00:41:09 polyubuntu kernel: [    0.364903] UDP-Lite hash table entries: 4096 (order: 5, 131072 bytes)
Jan 25 00:41:09 polyubuntu kernel: [    0.366085] NET: Registered protocol family 1
Jan 25 00:41:09 polyubuntu kernel: [    0.367014] pci 0000:00:00.0: Limiting direct PCI/PCI transfers
Jan 25 00:41:09 polyubuntu kernel: [    0.367918] pci 0000:00:01.0: PIIX3: Enabling Passive Release
Jan 25 00:41:09 polyubuntu kernel: [    0.368882] pci 0000:00:01.0: Activating ISA DMA hang workarounds
Jan 25 00:41:09 polyubuntu kernel: [    0.370110] ACPI: PCI Interrupt Link [LNKD] enabled at IRQ 11
Jan 25 00:41:09 polyubuntu kernel: [    0.371629] pci 0000:00:02.0: Video device with shadowed ROM
Jan 25 00:41:09 polyubuntu kernel: [    0.371665] PCI: CLS 0 bytes, default 64
Jan 25 00:41:09 polyubuntu kernel: [    0.371780] Unpacking initramfs...
Jan 25 00:41:09 polyubuntu kernel: [    2.438727] Freeing initrd memory: 10792K
Jan 25 00:41:09 polyubuntu kernel: [    2.439512] PCI-DMA: Using software bounce buffering for IO (SWIOTLB)
Jan 25 00:41:09 polyubuntu kernel: [    2.440530] software IO TLB [mem 0xdbffb000-0xdfffb000] (64MB) mapped at [ffff8800dbffb000-ffff8800dfffafff]
Jan 25 00:41:09 polyubuntu kernel: [    2.448367] Scanning for low memory corruption every 60 seconds
Jan 25 00:41:09 polyubuntu kernel: [    2.449838] audit: initializing netlink subsys (disabled)
Jan 25 00:41:09 polyubuntu kernel: [    2.450762] audit: type=2000 audit(1516840864.671:1): initialized
Jan 25 00:41:09 polyubuntu kernel: [    2.452041] Initialise system trusted keyring
Jan 25 00:41:09 polyubuntu kernel: [    2.452980] HugeTLB registered 1 GB page size, pre-allocated 0 pages
Jan 25 00:41:09 polyubuntu kernel: [    2.453947] HugeTLB registered 2 MB page size, pre-allocated 0 pages
Jan 25 00:41:09 polyubuntu kernel: [    2.456355] zbud: loaded
Jan 25 00:41:09 polyubuntu kernel: [    2.457102] VFS: Disk quotas dquot_6.6.0
Jan 25 00:41:09 polyubuntu kernel: [    2.457804] VFS: Dquot-cache hash table entries: 512 (order 0, 4096 bytes)
Jan 25 00:41:09 polyubuntu kernel: [    2.460693] squashfs: version 4.0 (2009/01/31) Phillip Lougher
Jan 25 00:41:09 polyubuntu kernel: [    2.461943] fuse init (API version 7.23)
Jan 25 00:41:09 polyubuntu kernel: [    2.462754] Key type big_key registered
Jan 25 00:41:09 polyubuntu kernel: [    2.463454] Allocating IMA MOK and blacklist keyrings.
Jan 25 00:41:09 polyubuntu kernel: [    2.465044] Key type asymmetric registered
Jan 25 00:41:09 polyubuntu kernel: [    2.465736] Asymmetric key parser 'x509' registered
Jan 25 00:41:09 polyubuntu kernel: [    2.466539] Block layer SCSI generic (bsg) driver version 0.4 loaded (major 249)
Jan 25 00:41:09 polyubuntu kernel: [    2.467844] io scheduler noop registered
Jan 25 00:41:09 polyubuntu kernel: [    2.468516] io scheduler deadline registered (default)
Jan 25 00:41:09 polyubuntu kernel: [    2.469391] io scheduler cfq registered
Jan 25 00:41:09 polyubuntu kernel: [    2.470145] pci_hotplug: PCI Hot Plug PCI Core version: 0.5
Jan 25 00:41:09 polyubuntu kernel: [    2.471013] pciehp: PCI Express Hot Plug Controller Driver version: 0.4
Jan 25 00:41:09 polyubuntu kernel: [    2.472021] intel_idle: does not run on family 6 model 79
Jan 25 00:41:09 polyubuntu kernel: [    2.472100] input: Power Button as /devices/LNXSYSTM:00/LNXPWRBN:00/input/input0
Jan 25 00:41:09 polyubuntu kernel: [    2.473304] ACPI: Power Button [PWRF]
Jan 25 00:41:09 polyubuntu kernel: [    2.474273] GHES: HEST is not enabled!
Jan 25 00:41:09 polyubuntu kernel: [    2.475278] ACPI: PCI Interrupt Link [LNKC] enabled at IRQ 10
Jan 25 00:41:09 polyubuntu kernel: [    2.476242] virtio-pci 0000:00:03.0: virtio_pci: leaving for legacy driver
Jan 25 00:41:09 polyubuntu kernel: [    2.478319] virtio-pci 0000:00:04.0: virtio_pci: leaving for legacy driver
Jan 25 00:41:09 polyubuntu kernel: [    2.479694] ACPI: PCI Interrupt Link [LNKA] enabled at IRQ 10
Jan 25 00:41:09 polyubuntu kernel: [    2.480663] virtio-pci 0000:00:05.0: virtio_pci: leaving for legacy driver
Jan 25 00:41:09 polyubuntu kernel: [    2.482197] ACPI: PCI Interrupt Link [LNKB] enabled at IRQ 11
Jan 25 00:41:09 polyubuntu kernel: [    2.483081] virtio-pci 0000:00:06.0: virtio_pci: leaving for legacy driver
Jan 25 00:41:09 polyubuntu kernel: [    2.485225] Serial: 8250/16550 driver, 32 ports, IRQ sharing enabled
Jan 25 00:41:09 polyubuntu kernel: [    2.508909] 00:04: ttyS0 at I/O 0x3f8 (irq = 4, base_baud = 115200) is a 16550A
Jan 25 00:41:09 polyubuntu kernel: [    2.511448] Linux agpgart interface v0.103
Jan 25 00:41:09 polyubuntu kernel: [    2.514542] loop: module loaded
Jan 25 00:41:09 polyubuntu kernel: [    2.571851] GPT:Primary header thinks Alt. header is not at the end of the disk.
Jan 25 00:41:09 polyubuntu kernel: [    2.573280] GPT:4612095 != 335544319
Jan 25 00:41:09 polyubuntu kernel: [    2.573912] GPT:Alternate GPT header not at the end of the disk.
Jan 25 00:41:09 polyubuntu kernel: [    2.574806] GPT:4612095 != 335544319
Jan 25 00:41:09 polyubuntu kernel: [    2.575439] GPT: Use GNU Parted to correct GPT errors.
Jan 25 00:41:09 polyubuntu kernel: [    2.576250]  vda: vda1 vda14 vda15
Jan 25 00:41:09 polyubuntu kernel: [    2.577301] ata_piix 0000:00:01.1: version 2.13
Jan 25 00:41:09 polyubuntu kernel: [    2.578569] scsi host0: ata_piix
Jan 25 00:41:09 polyubuntu kernel: [    2.579319] scsi host1: ata_piix
Jan 25 00:41:09 polyubuntu kernel: [    2.580015] ata1: PATA max MWDMA2 cmd 0x1f0 ctl 0x3f6 bmdma 0xc100 irq 14
Jan 25 00:41:09 polyubuntu kernel: [    2.581052] ata2: PATA max MWDMA2 cmd 0x170 ctl 0x376 bmdma 0xc108 irq 15
Jan 25 00:41:09 polyubuntu kernel: [    2.582156] libphy: Fixed MDIO Bus: probed
Jan 25 00:41:09 polyubuntu kernel: [    2.583051] tun: Universal TUN/TAP device driver, 1.6
Jan 25 00:41:09 polyubuntu kernel: [    2.583825] tun: (C) 1999-2004 Max Krasnyansky <maxk@qualcomm.com>
Jan 25 00:41:09 polyubuntu kernel: [    2.711288] PPP generic driver version 2.4.2
Jan 25 00:41:09 polyubuntu kernel: [    2.712230] ehci_hcd: USB 2.0 'Enhanced' Host Controller (EHCI) Driver
Jan 25 00:41:09 polyubuntu kernel: [    2.713242] ehci-pci: EHCI PCI platform driver
Jan 25 00:41:09 polyubuntu kernel: [    2.713981] ehci-platform: EHCI generic platform driver
Jan 25 00:41:09 polyubuntu kernel: [    2.714800] ohci_hcd: USB 1.1 'Open' Host Controller (OHCI) Driver
Jan 25 00:41:09 polyubuntu kernel: [    2.715776] ohci-pci: OHCI PCI platform driver
Jan 25 00:41:09 polyubuntu kernel: [    2.727201] ohci-platform: OHCI generic platform driver
Jan 25 00:41:09 polyubuntu kernel: [    2.728044] uhci_hcd: USB Universal Host Controller Interface driver
Jan 25 00:41:09 polyubuntu kernel: [    2.730076] uhci_hcd 0000:00:01.2: UHCI Host Controller
Jan 25 00:41:09 polyubuntu kernel: [    2.730925] uhci_hcd 0000:00:01.2: new USB bus registered, assigned bus number 1
Jan 25 00:41:09 polyubuntu kernel: [    2.732160] uhci_hcd 0000:00:01.2: detected 2 ports
Jan 25 00:41:09 polyubuntu kernel: [    2.732987] uhci_hcd 0000:00:01.2: irq 11, io base 0x0000c080
Jan 25 00:41:09 polyubuntu kernel: [    2.733956] usb usb1: New USB device found, idVendor=1d6b, idProduct=0001
Jan 25 00:41:09 polyubuntu kernel: [    2.734973] usb usb1: New USB device strings: Mfr=3, Product=2, SerialNumber=1
Jan 25 00:41:09 polyubuntu kernel: [    2.736229] usb usb1: Product: UHCI Host Controller
Jan 25 00:41:09 polyubuntu kernel: [    2.737118] usb usb1: Manufacturer: Linux 4.4.0-112-generic uhci_hcd
Jan 25 00:41:09 polyubuntu kernel: [    2.738049] usb usb1: SerialNumber: 0000:00:01.2
Jan 25 00:41:09 polyubuntu kernel: [    2.738944] hub 1-0:1.0: USB hub found
Jan 25 00:41:09 polyubuntu kernel: [    2.739718] hub 1-0:1.0: 2 ports detected
Jan 25 00:41:09 polyubuntu kernel: [    2.742431] i8042: PNP: PS/2 Controller [PNP0303:KBD,PNP0f13:MOU] at 0x60,0x64 irq 1,12
Jan 25 00:41:09 polyubuntu kernel: [    2.744525] serio: i8042 KBD port at 0x60,0x64 irq 1
Jan 25 00:41:09 polyubuntu kernel: [    2.745430] serio: i8042 AUX port at 0x60,0x64 irq 12
Jan 25 00:41:09 polyubuntu kernel: [    2.746384] mousedev: PS/2 mouse device common for all mice
Jan 25 00:41:09 polyubuntu kernel: [    2.747440] rtc_cmos 00:00: RTC can wake from S4
Jan 25 00:41:09 polyubuntu kernel: [    2.748518] input: AT Translated Set 2 keyboard as /devices/platform/i8042/serio0/input/input1
Jan 25 00:41:09 polyubuntu kernel: [    2.749993] rtc_cmos 00:00: rtc core: registered rtc_cmos as rtc0
Jan 25 00:41:09 polyubuntu kernel: [    2.751174] rtc_cmos 00:00: alarms up to one day, 114 bytes nvram, hpet irqs
Jan 25 00:41:09 polyubuntu kernel: [    2.752246] i2c /dev entries driver
Jan 25 00:41:09 polyubuntu kernel: [    2.752994] device-mapper: uevent: version 1.0.3
Jan 25 00:41:09 polyubuntu kernel: [    2.754011] device-mapper: ioctl: 4.34.0-ioctl (2015-10-28) initialised: dm-devel@redhat.com
Jan 25 00:41:09 polyubuntu kernel: [    2.755410] ledtrig-cpu: registered to indicate activity on CPUs
Jan 25 00:41:09 polyubuntu kernel: [    2.756925] NET: Registered protocol family 10
Jan 25 00:41:09 polyubuntu kernel: [    2.758041] NET: Registered protocol family 17
Jan 25 00:41:09 polyubuntu kernel: [    2.758805] Key type dns_resolver registered
Jan 25 00:41:09 polyubuntu kernel: [    2.759756] microcode: CPU0 sig=0x406f1, pf=0x1, revision=0x1
Jan 25 00:41:09 polyubuntu kernel: [    2.760675] microcode: CPU1 sig=0x406f1, pf=0x1, revision=0x1
Jan 25 00:41:09 polyubuntu kernel: [    2.761582] microcode: CPU2 sig=0x406f1, pf=0x1, revision=0x1
Jan 25 00:41:09 polyubuntu kernel: [    2.762556] microcode: CPU3 sig=0x406f1, pf=0x1, revision=0x1
Jan 25 00:41:09 polyubuntu kernel: [    2.763599] microcode: Microcode Update Driver: v2.01 <tigran@aivazian.fsnet.co.uk>, Peter Oruba
Jan 25 00:41:09 polyubuntu kernel: [    2.765180] registered taskstats version 1
Jan 25 00:41:09 polyubuntu kernel: [    2.765905] Loading compiled-in X.509 certificates
Jan 25 00:41:09 polyubuntu kernel: [    2.767371] Loaded X.509 cert 'Build time autogenerated kernel key: 4c603087bab8f0a02cb3b4e1fb4c40f507e71ef1'
Jan 25 00:41:09 polyubuntu kernel: [    2.768932] zswap: loaded using pool lzo/zbud
Jan 25 00:41:09 polyubuntu kernel: [    2.772334] Key type trusted registered
Jan 25 00:41:09 polyubuntu kernel: [    2.778090] Key type encrypted registered
Jan 25 00:41:09 polyubuntu kernel: [    2.778822] AppArmor: AppArmor sha1 policy hashing enabled
Jan 25 00:41:09 polyubuntu kernel: [    2.779692] ima: No TPM chip found, activating TPM-bypass!
Jan 25 00:41:09 polyubuntu kernel: [    2.780587] evm: HMAC attrs: 0x1
Jan 25 00:41:09 polyubuntu kernel: [    2.781550]   Magic number: 2:975:658
Jan 25 00:41:09 polyubuntu kernel: [    2.782370] rtc_cmos 00:00: setting system clock to 2018-01-25 00:41:04 UTC (1516840864)
Jan 25 00:41:09 polyubuntu kernel: [    2.783825] BIOS EDD facility v0.16 2004-Jun-25, 0 devices found
Jan 25 00:41:09 polyubuntu kernel: [    2.784760] EDD information not available.
Jan 25 00:41:09 polyubuntu kernel: [    2.785510] PM: Hibernation image not present or could not be loaded.
Jan 25 00:41:09 polyubuntu kernel: [    2.787464] Freeing unused kernel memory: 1508K
Jan 25 00:41:09 polyubuntu kernel: [    2.788246] Write protecting the kernel read-only data: 14336k
Jan 25 00:41:09 polyubuntu kernel: [    2.790652] Freeing unused kernel memory: 1728K
Jan 25 00:41:09 polyubuntu kernel: [    2.791720] Freeing unused kernel memory: 108K
Jan 25 00:41:09 polyubuntu kernel: [    2.809069] random: systemd-udevd: uninitialized urandom read (16 bytes read, 2 bits of entropy available)
Jan 25 00:41:09 polyubuntu kernel: [    2.810241] random: udevadm: uninitialized urandom read (16 bytes read, 2 bits of entropy available)
Jan 25 00:41:09 polyubuntu kernel: [    2.810279] random: udevadm: uninitialized urandom read (16 bytes read, 2 bits of entropy available)
Jan 25 00:41:09 polyubuntu kernel: [    2.813828] random: systemd-udevd: uninitialized urandom read (16 bytes read, 2 bits of entropy available)
Jan 25 00:41:09 polyubuntu kernel: [    2.815375] random: systemd-udevd: uninitialized urandom read (16 bytes read, 2 bits of entropy available)
Jan 25 00:41:09 polyubuntu kernel: [    2.817741] random: systemd-udevd: uninitialized urandom read (16 bytes read, 2 bits of entropy available)
Jan 25 00:41:09 polyubuntu kernel: [    2.821834] random: systemd-udevd: uninitialized urandom read (16 bytes read, 2 bits of entropy available)
Jan 25 00:41:09 polyubuntu kernel: [    2.821843] random: udevadm: uninitialized urandom read (16 bytes read, 2 bits of entropy available)
Jan 25 00:41:09 polyubuntu kernel: [    2.821891] random: udevadm: uninitialized urandom read (16 bytes read, 2 bits of entropy available)
Jan 25 00:41:09 polyubuntu kernel: [    2.822188] random: udevadm: uninitialized urandom read (16 bytes read, 2 bits of entropy available)
Jan 25 00:41:09 polyubuntu kernel: [    2.854260] virtio_net virtio0 ens3: renamed from eth0
Jan 25 00:41:09 polyubuntu kernel: [    2.861246] input: VirtualPS/2 VMware VMMouse as /devices/platform/i8042/serio1/input/input4
Jan 25 00:41:09 polyubuntu kernel: [    2.863249] input: VirtualPS/2 VMware VMMouse as /devices/platform/i8042/serio1/input/input3
Jan 25 00:41:09 polyubuntu kernel: [    2.871515] AVX2 version of gcm_enc/dec engaged.
Jan 25 00:41:09 polyubuntu kernel: [    2.872605] AES CTR mode by8 optimization enabled
Jan 25 00:41:09 polyubuntu kernel: [    2.876019] scsi host2: Virtio SCSI HBA
Jan 25 00:41:09 polyubuntu kernel: [    2.992780] FDC 0 is a S82078B
Jan 25 00:41:09 polyubuntu kernel: [    3.448203] tsc: Refined TSC clocksource calibration: 2200.004 MHz
Jan 25 00:41:09 polyubuntu kernel: [    3.449802] clocksource: tsc: mask: 0xffffffffffffffff max_cycles: 0x1fb636af529, max_idle_ns: 440795229040 ns
Jan 25 00:41:09 polyubuntu kernel: [    4.314953] md: linear personality registered for level -1
Jan 25 00:41:09 polyubuntu kernel: [    4.318508] md: multipath personality registered for level -4
Jan 25 00:41:09 polyubuntu kernel: [    4.322142] md: raid0 personality registered for level 0
Jan 25 00:41:09 polyubuntu kernel: [    4.326100] md: raid1 personality registered for level 1
Jan 25 00:41:09 polyubuntu kernel: [    4.396028] raid6: sse2x1   gen()  7865 MB/s
Jan 25 00:41:09 polyubuntu kernel: [    4.464016] raid6: sse2x1   xor()  5994 MB/s
Jan 25 00:41:09 polyubuntu kernel: [    4.532027] raid6: sse2x2   gen()  9709 MB/s
Jan 25 00:41:09 polyubuntu kernel: [    4.600016] raid6: sse2x2   xor()  6500 MB/s
Jan 25 00:41:09 polyubuntu kernel: [    4.668024] raid6: sse2x4   gen() 11382 MB/s
Jan 25 00:41:09 polyubuntu kernel: [    4.736027] raid6: sse2x4   xor()  7972 MB/s
Jan 25 00:41:09 polyubuntu kernel: [    4.804044] raid6: avx2x1   gen() 15476 MB/s
Jan 25 00:41:09 polyubuntu kernel: [    4.872018] raid6: avx2x2   gen() 17311 MB/s
Jan 25 00:41:09 polyubuntu kernel: [    4.940025] raid6: avx2x4   gen() 19073 MB/s
Jan 25 00:41:09 polyubuntu kernel: [    4.941194] raid6: using algorithm avx2x4 gen() 19073 MB/s
Jan 25 00:41:09 polyubuntu kernel: [    4.942483] raid6: using avx2x2 recovery algorithm
Jan 25 00:41:09 polyubuntu kernel: [    4.944995] xor: automatically using best checksumming function:
Jan 25 00:41:09 polyubuntu kernel: [    4.984020]    avx       : 23278.000 MB/sec
Jan 25 00:41:09 polyubuntu kernel: [    4.986046] async_tx: api initialized (async)
Jan 25 00:41:09 polyubuntu kernel: [    4.993621] md: raid6 personality registered for level 6
Jan 25 00:41:09 polyubuntu kernel: [    4.994482] md: raid5 personality registered for level 5
Jan 25 00:41:09 polyubuntu kernel: [    4.995322] md: raid4 personality registered for level 4
Jan 25 00:41:09 polyubuntu kernel: [    5.001813] md: raid10 personality registered for level 10
Jan 25 00:41:09 polyubuntu kernel: [    5.036348] Btrfs loaded
Jan 25 00:41:09 polyubuntu kernel: [    5.067366] EXT4-fs (vda1): mounted filesystem with ordered data mode. Opts: (null)
Jan 25 00:41:09 polyubuntu kernel: [    5.285299] EXT4-fs (vda1): re-mounted. Opts: (null)
Jan 25 00:41:09 polyubuntu kernel: [    5.316522] Loading iSCSI transport class v2.0-870.
Jan 25 00:41:09 polyubuntu kernel: [    5.330073] iscsi: registered transport (tcp)
Jan 25 00:41:09 polyubuntu kernel: [    5.364903] iscsi: registered transport (iser)
Jan 25 00:41:09 polyubuntu kernel: [    6.046395] ppdev: user-space parallel port driver
Jan 25 00:41:09 polyubuntu kernel: [    6.273058] virtio_net virtio0 eth0: renamed from ens3
Jan 25 00:41:09 polyubuntu kernel: [    6.497640] audit: type=1400 audit(1516840868.212:2): apparmor="STATUS" operation="profile_load" profile="unconfined" name="/usr/bin/lxc-start" pid=970 comm="apparmor_parser"
Jan 25 00:41:09 polyubuntu kernel: [    6.593355] audit: type=1400 audit(1516840868.308:3): apparmor="STATUS" operation="profile_load" profile="unconfined" name="/usr/lib/lxd/lxd-bridge-proxy" pid=969 comm="apparmor_parser"
Jan 25 00:41:09 polyubuntu kernel: [    6.732969] audit: type=1400 audit(1516840868.448:4): apparmor="STATUS" operation="profile_load" profile="unconfined" name="/sbin/dhclient" pid=972 comm="apparmor_parser"
Jan 25 00:41:09 polyubuntu kernel: [    6.733568] audit: type=1400 audit(1516840868.448:5): apparmor="STATUS" operation="profile_load" profile="unconfined" name="/usr/lib/NetworkManager/nm-dhcp-client.action" pid=972 comm="apparmor_parser"
Jan 25 00:41:09 polyubuntu kernel: [    6.734082] audit: type=1400 audit(1516840868.448:6): apparmor="STATUS" operation="profile_load" profile="unconfined" name="/usr/lib/NetworkManager/nm-dhcp-helper" pid=972 comm="apparmor_parser"
Jan 25 00:41:09 polyubuntu kernel: [    6.734463] audit: type=1400 audit(1516840868.448:7): apparmor="STATUS" operation="profile_load" profile="unconfined" name="/usr/lib/snapd/snap-confine" pid=979 comm="apparmor_parser"
Jan 25 00:41:09 polyubuntu kernel: [    6.734603] audit: type=1400 audit(1516840868.448:8): apparmor="STATUS" operation="profile_load" profile="unconfined" name="/usr/lib/connman/scripts/dhclient-script" pid=972 comm="apparmor_parser"
Jan 25 00:41:09 polyubuntu kernel: [    6.734663] audit: type=1400 audit(1516840868.448:9): apparmor="STATUS" operation="profile_load" profile="unconfined" name="/usr/lib/snapd/snap-confine//mount-namespace-capture-helper" pid=979 comm="apparmor_parser"
Jan 25 00:41:09 polyubuntu kernel: [    6.734868] audit: type=1400 audit(1516840868.448:10): apparmor="STATUS" operation="profile_load" profile="unconfined" name="/usr/lib/snapd/snap-confine//snap_update_ns" pid=979 comm="apparmor_parser"
Jan 25 00:41:09 polyubuntu kernel: [    7.733947] EXT4-fs (vda1): resizing filesystem from 548091 to 41914619 blocks
Jan 25 00:41:09 polyubuntu kernel: [    7.765383] EXT4-fs (vda1): resized filesystem to 41914619
Jan 25 00:41:09 polyubuntu kernel: [    8.142290] cgroup: new mount options do not match the existing superblock, will be ignored
Jan 25 00:43:26 polyubuntu kernel: [  143.725152] random: nonblocking pool is initialized
Jan 25 00:46:07 polyubuntu kernel: [  304.530271] audit_printk_skb: 15 callbacks suppressed
Jan 25 00:46:07 polyubuntu kernel: [  304.530275] audit: type=1400 audit(1516841167.000:16): apparmor="STATUS" operation="profile_load" profile="unconfined" name="/usr/sbin/mysqld" pid=3657 comm="apparmor_parser"
Jan 25 00:46:07 polyubuntu kernel: [  305.028039] audit: type=1400 audit(1516841167.496:17): apparmor="DENIED" operation="open" profile="/usr/sbin/mysqld" name="/proc/3753/status" pid=3753 comm="mysqld" requested_mask="r" denied_mask="r" fsuid=112 ouid=112
Jan 25 00:46:07 polyubuntu kernel: [  305.028226] audit: type=1400 audit(1516841167.500:18): apparmor="DENIED" operation="open" profile="/usr/sbin/mysqld" name="/sys/devices/system/node/" pid=3753 comm="mysqld" requested_mask="r" denied_mask="r" fsuid=112 ouid=0
Jan 25 00:46:07 polyubuntu kernel: [  305.028334] audit: type=1400 audit(1516841167.500:19): apparmor="DENIED" operation="open" profile="/usr/sbin/mysqld" name="/proc/3753/status" pid=3753 comm="mysqld" requested_mask="r" denied_mask="r" fsuid=112 ouid=112
